 gcc -g p3final.c
 ./a.out
Enter the number:
6
6 is a composite number
 gdb a.out
GNU gdb (Ubuntu 8.1.1-0ubuntu1) 8.1.1
Copyright (C) 2018 Free Software Foundation, Inc.
License GPLv3+: GNU GPL version 3 or later <http://gnu.org/licenses/gpl.html>
This is free software: you are free to change and redistribute it.
There is NO WARRANTY, to the extent permitted by law.  Type "show copying"
and "show warranty" for details.
This GDB was configured as "x86_64-linux-gnu".
Type "show configuration" for configuration details.
For bug reporting instructions, please see:
<http://www.gnu.org/software/gdb/bugs/>.
Find the GDB manual and other documentation resources online at:
<http://www.gnu.org/software/gdb/documentation/>.
For help, type "help".
Type "apropos word" to search for commands related to "word"...
Reading symbols from a.out...done.
(gdb) b main
Breakpoint 1 at 0x84b: file p3final.c, line 32.
(gdb) r
Starting program: /home/runner/IA2-Test1-Session2/a.out 
warning: Error disabling address space randomization: Operation not permitted

Breakpoint 1, main () at p3final.c:32
32    n = input_number();
(gdb) n
Enter the number:
7
33    iscomposite= is_composite(n);
(gdb) n
34    output(n, iscomposite);
(gdb) n
7 is not a composite number
35    return 0;
(gdb) q
A debugging session is active.

    Inferior 1 [process 496] will be killed.

Quit anyway? (y or n) y
 